MSBuild version 17.14.14+a129329f1 for .NET Framework

  zlibstatic.vcxproj -> D:\Labb\clabb\Ragnarok___Win32_HighPriest2008_Release\build\_deps\zlib-build\Debug\zlibstaticd.lib
  Timer.cpp
  Hash.cpp
  GPak.cpp
  File.cpp
D:\Labb\clabb\Ragnarok___Win32_HighPriest2008_Release\src\core\Timer.h(16,1): error C4430: missing type specifier - int assumed. Note: C++ does not support default-int [D:\Labb\clabb\Ragnarok___Win32_HighPriest2008_Release\build\src\core\ro_core.vcxproj]
  (compiling source file '../../../src/core/Timer.cpp')
  
D:\Labb\clabb\Ragnarok___Win32_HighPriest2008_Release\src\core\Timer.h(16,7): error C2146: syntax error: missing ';' before identifier 'GetSkipFrameCount' [D:\Labb\clabb\Ragnarok___Win32_HighPriest2008_Release\build\src\core\ro_core.vcxproj]
  (compiling source file '../../../src/core/Timer.cpp')
  
C:\Program Files (x86)\Windows Kits\10\Include\10.0.26100.0\shared\minwindef.h(156,29): error C2378: 'DWORD': redefinition; symbol cannot be overloaded with a typedef [D:\Labb\clabb\Ragnarok___Win32_HighPriest2008_Release\build\src\core\ro_core.vcxproj]
  (compiling source file '../../../src/core/Timer.cpp')
      D:\Labb\clabb\Ragnarok___Win32_HighPriest2008_Release\src\core\Timer.h(16,1):
      see declaration of 'DWORD'
  
C:\Program Files (x86)\Windows Kits\10\Include\10.0.26100.0\shared\minwindef.h(171,29): error C2143: syntax error: missing ';' before '*' [D:\Labb\clabb\Ragnarok___Win32_HighPriest2008_Release\build\src\core\ro_core.vcxproj]
  (compiling source file '../../../src/core/Timer.cpp')
  
C:\Program Files (x86)\Windows Kits\10\Include\10.0.26100.0\shared\minwindef.h(171,9): error C4430: missing type specifier - int assumed. Note: C++ does not support default-int [D:\Labb\clabb\Ragnarok___Win32_HighPriest2008_Release\build\src\core\ro_core.vcxproj]
  (compiling source file '../../../src/core/Timer.cpp')
  
C:\Program Files (x86)\Windows Kits\10\Include\10.0.26100.0\shared\minwindef.h(171,9): error C2378: 'DWORD': redefinition; symbol cannot be overloaded with a typedef [D:\Labb\clabb\Ragnarok___Win32_HighPriest2008_Release\build\src\core\ro_core.vcxproj]
  (compiling source file '../../../src/core/Timer.cpp')
      D:\Labb\clabb\Ragnarok___Win32_HighPriest2008_Release\src\core\Timer.h(16,1):
      see declaration of 'DWORD'
  
C:\Program Files (x86)\Windows Kits\10\Include\10.0.26100.0\shared\minwindef.h(171,30): error C4430: missing type specifier - int assumed. Note: C++ does not support default-int [D:\Labb\clabb\Ragnarok___Win32_HighPriest2008_Release\build\src\core\ro_core.vcxproj]
  (compiling source file '../../../src/core/Timer.cpp')
  
C:\Program Files (x86)\Windows Kits\10\Include\10.0.26100.0\shared\minwindef.h(172,29): error C2143: syntax error: missing ';' before '*' [D:\Labb\clabb\Ragnarok___Win32_HighPriest2008_Release\build\src\core\ro_core.vcxproj]
  (compiling source file '../../../src/core/Timer.cpp')
  
C:\Program Files (x86)\Windows Kits\10\Include\10.0.26100.0\shared\minwindef.h(172,9): error C4430: missing type specifier - int assumed. Note: C++ does not support default-int [D:\Labb\clabb\Ragnarok___Win32_HighPriest2008_Release\build\src\core\ro_core.vcxproj]
  (compiling source file '../../../src/core/Timer.cpp')
  
C:\Program Files (x86)\Windows Kits\10\Include\10.0.26100.0\shared\minwindef.h(172,9): error C2378: 'DWORD': redefinition; symbol cannot be overloaded with a typedef [D:\Labb\clabb\Ragnarok___Win32_HighPriest2008_Release\build\src\core\ro_core.vcxproj]
  (compiling source file '../../../src/core/Timer.cpp')
      D:\Labb\clabb\Ragnarok___Win32_HighPriest2008_Release\src\core\Timer.h(16,1):
      see declaration of 'DWORD'
  
D:\Labb\clabb\Ragnarok___Win32_HighPriest2008_Release\src\core\Hash.cpp(21,5): error C2065: 'm_hashCode': undeclared identifier [D:\Labb\clabb\Ragnarok___Win32_HighPriest2008_Release\build\src\core\ro_core.vcxproj]
C:\Program Files (x86)\Windows Kits\10\Include\10.0.26100.0\shared\minwindef.h(172,30): error C4430: missing type specifier - int assumed. Note: C++ does not support default-int [D:\Labb\clabb\Ragnarok___Win32_HighPriest2008_Release\build\src\core\ro_core.vcxproj]
  (compiling source file '../../../src/core/Timer.cpp')
  
D:\Labb\clabb\Ragnarok___Win32_HighPriest2008_Release\src\core\Hash.cpp(27,5): error C2065: 'm_hashCode': undeclared identifier [D:\Labb\clabb\Ragnarok___Win32_HighPriest2008_Release\build\src\core\ro_core.vcxproj]
D:\Labb\clabb\Ragnarok___Win32_HighPriest2008_Release\src\core\Hash.cpp(40,9): error C2065: 'm_hashCode': undeclared identifier [D:\Labb\clabb\Ragnarok___Win32_HighPriest2008_Release\build\src\core\ro_core.vcxproj]
D:\Labb\clabb\Ragnarok___Win32_HighPriest2008_Release\src\core\Hash.cpp(53,12): error C2065: 'm_hashCode': undeclared identifier [D:\Labb\clabb\Ragnarok___Win32_HighPriest2008_Release\build\src\core\ro_core.vcxproj]
D:\Labb\clabb\Ragnarok___Win32_HighPriest2008_Release\src\core\Hash.cpp(53,30): error C2039: 'm_hashCode': is not a member of 'CHash' [D:\Labb\clabb\Ragnarok___Win32_HighPriest2008_Release\build\src\core\ro_core.vcxproj]
      D:\Labb\clabb\Ragnarok___Win32_HighPriest2008_Release\src\core\Hash.h(12,7):
      see declaration of 'CHash'
  
D:\Labb\clabb\Ragnarok___Win32_HighPriest2008_Release\src\core\Hash.cpp(64,9): error C2065: 'm_hashCode': undeclared identifier [D:\Labb\clabb\Ragnarok___Win32_HighPriest2008_Release\build\src\core\ro_core.vcxproj]
D:\Labb\clabb\Ragnarok___Win32_HighPriest2008_Release\src\core\Hash.cpp(64,27): error C2039: 'm_hashCode': is not a member of 'CHash' [D:\Labb\clabb\Ragnarok___Win32_HighPriest2008_Release\build\src\core\ro_core.vcxproj]
      D:\Labb\clabb\Ragnarok___Win32_HighPriest2008_Release\src\core\Hash.h(12,7):
      see declaration of 'CHash'
  
D:\Labb\clabb\Ragnarok___Win32_HighPriest2008_Release\src\core\Hash.cpp(65,16): error C2065: 'm_hashCode': undeclared identifier [D:\Labb\clabb\Ragnarok___Win32_HighPriest2008_Release\build\src\core\ro_core.vcxproj]
D:\Labb\clabb\Ragnarok___Win32_HighPriest2008_Release\src\core\Hash.cpp(65,33): error C2039: 'm_hashCode': is not a member of 'CHash' [D:\Labb\clabb\Ragnarok___Win32_HighPriest2008_Release\build\src\core\ro_core.vcxproj]
      D:\Labb\clabb\Ragnarok___Win32_HighPriest2008_Release\src\core\Hash.h(12,7):
      see declaration of 'CHash'
  
C:\Program Files (x86)\Windows Kits\10\Include\10.0.26100.0\um\winnt.h(680,11): error C3646: 'Mask': unknown override specifier [D:\Labb\clabb\Ragnarok___Win32_HighPriest2008_Release\build\src\core\ro_core.vcxproj]
  (compiling source file '../../../src/core/Timer.cpp')
  
C:\Program Files (x86)\Windows Kits\10\Include\10.0.26100.0\um\winnt.h(680,5): error C4430: missing type specifier - int assumed. Note: C++ does not support default-int [D:\Labb\clabb\Ragnarok___Win32_HighPriest2008_Release\build\src\core\ro_core.vcxproj]
  (compiling source file '../../../src/core/Timer.cpp')
  
C:\Program Files (x86)\Windows Kits\10\Include\10.0.26100.0\um\winnt.h(732,9): error C4430: missing type specifier - int assumed. Note: C++ does not support default-int [D:\Labb\clabb\Ragnarok___Win32_HighPriest2008_Release\build\src\core\ro_core.vcxproj]
  (compiling source file '../../../src/core/Timer.cpp')
  
C:\Program Files (x86)\Windows Kits\10\Include\10.0.26100.0\um\winnt.h(732,9): error C2378: 'DWORD': redefinition; symbol cannot be overloaded with a typedef [D:\Labb\clabb\Ragnarok___Win32_HighPriest2008_Release\build\src\core\ro_core.vcxproj]
  (compiling source file '../../../src/core/Timer.cpp')
      D:\Labb\clabb\Ragnarok___Win32_HighPriest2008_Release\src\core\Timer.h(16,1):
      see declaration of 'DWORD'
  
C:\Program Files (x86)\Windows Kits\10\Include\10.0.26100.0\um\winnt.h(732,16): error C2146: syntax error: missing ';' before identifier 'FLONG' [D:\Labb\clabb\Ragnarok___Win32_HighPriest2008_Release\build\src\core\ro_core.vcxproj]
  (compiling source file '../../../src/core/Timer.cpp')
  
C:\Program Files (x86)\Windows Kits\10\Include\10.0.26100.0\um\winnt.h(732,16): error C4430: missing type specifier - int assumed. Note: C++ does not support default-int [D:\Labb\clabb\Ragnarok___Win32_HighPriest2008_Release\build\src\core\ro_core.vcxproj]
  (compiling source file '../../../src/core/Timer.cpp')
  
C:\Program Files (x86)\Windows Kits\10\Include\10.0.26100.0\um\winnt.h(837,9): error C4430: missing type specifier - int assumed. Note: C++ does not support default-int [D:\Labb\clabb\Ragnarok___Win32_HighPriest2008_Release\build\src\core\ro_core.vcxproj]
  (compiling source file '../../../src/core/Timer.cpp')
  
C:\Program Files (x86)\Windows Kits\10\Include\10.0.26100.0\um\winnt.h(837,9): error C2378: 'DWORD': redefinition; symbol cannot be overloaded with a typedef [D:\Labb\clabb\Ragnarok___Win32_HighPriest2008_Release\build\src\core\ro_core.vcxproj]
  (compiling source file '../../../src/core/Timer.cpp')
      D:\Labb\clabb\Ragnarok___Win32_HighPriest2008_Release\src\core\Timer.h(16,1):
      see declaration of 'DWORD'
  
C:\Program Files (x86)\Windows Kits\10\Include\10.0.26100.0\um\winnt.h(837,15): error C2146: syntax error: missing ';' before identifier 'LCID' [D:\Labb\clabb\Ragnarok___Win32_HighPriest2008_Release\build\src\core\ro_core.vcxproj]
  (compiling source file '../../../src/core/Timer.cpp')
  
C:\Program Files (x86)\Windows Kits\10\Include\10.0.26100.0\um\winnt.h(837,15): error C4430: missing type specifier - int assumed. Note: C++ does not support default-int [D:\Labb\clabb\Ragnarok___Win32_HighPriest2008_Release\build\src\core\ro_core.vcxproj]
  (compiling source file '../../../src/core/Timer.cpp')
  
C:\Program Files (x86)\Windows Kits\10\Include\10.0.26100.0\um\winnt.h(838,9): error C4430: missing type specifier - int assumed. Note: C++ does not support default-int [D:\Labb\clabb\Ragnarok___Win32_HighPriest2008_Release\build\src\core\ro_core.vcxproj]
  (compiling source file '../../../src/core/Timer.cpp')
  
C:\Program Files (x86)\Windows Kits\10\Include\10.0.26100.0\um\winnt.h(838,9): error C2378: 'PDWORD': redefinition; symbol cannot be overloaded with a typedef [D:\Labb\clabb\Ragnarok___Win32_HighPriest2008_Release\build\src\core\ro_core.vcxproj]
  (compiling source file '../../../src/core/Timer.cpp')
      C:\Program Files (x86)\Windows Kits\10\Include\10.0.26100.0\shared\minwindef.h(171,30):
      see declaration of 'PDWORD'
  
C:\Program Files (x86)\Windows Kits\10\Include\10.0.26100.0\um\winnt.h(838,16): error C2146: syntax error: missing ';' before identifier 'PLCID' [D:\Labb\clabb\Ragnarok___Win32_HighPriest2008_Release\build\src\core\ro_core.vcxproj]
  (compiling source file '../../../src/core/Timer.cpp')
  
C:\Program Files (x86)\Windows Kits\10\Include\10.0.26100.0\um\winnt.h(838,16): error C4430: missing type specifier - int assumed. Note: C++ does not support default-int [D:\Labb\clabb\Ragnarok___Win32_HighPriest2008_Release\build\src\core\ro_core.vcxproj]
  (compiling source file '../../../src/core/Timer.cpp')
  
C:\Program Files (x86)\Windows Kits\10\Include\10.0.26100.0\um\winnt.h(930,15): error C3646: 'LowPart': unknown override specifier [D:\Labb\clabb\Ragnarok___Win32_HighPriest2008_Release\build\src\core\ro_core.vcxproj]
  (compiling source file '../../../src/core/Timer.cpp')
  
C:\Program Files (x86)\Windows Kits\10\Include\10.0.26100.0\um\winnt.h(930,9): error C4430: missing type specifier - int assumed. Note: C++ does not support default-int [D:\Labb\clabb\Ragnarok___Win32_HighPriest2008_Release\build\src\core\ro_core.vcxproj]
  (compiling source file '../../../src/core/Timer.cpp')
  
C:\Program Files (x86)\Windows Kits\10\Include\10.0.26100.0\um\winnt.h(934,15): error C3646: 'LowPart': unknown override specifier [D:\Labb\clabb\Ragnarok___Win32_HighPriest2008_Release\build\src\core\ro_core.vcxproj]
  (compiling source file '../../../src/core/Timer.cpp')
  
C:\Program Files (x86)\Windows Kits\10\Include\10.0.26100.0\um\winnt.h(934,9): error C4430: missing type specifier - int assumed. Note: C++ does not support default-int [D:\Labb\clabb\Ragnarok___Win32_HighPriest2008_Release\build\src\core\ro_core.vcxproj]
  (compiling source file '../../../src/core/Timer.cpp')
  
C:\Program Files (x86)\Windows Kits\10\Include\10.0.26100.0\um\winnt.h(950,15): error C3646: 'LowPart': unknown override specifier [D:\Labb\clabb\Ragnarok___Win32_HighPriest2008_Release\build\src\core\ro_core.vcxproj]
  (compiling source file '../../../src/core/Timer.cpp')
  
C:\Program Files (x86)\Windows Kits\10\Include\10.0.26100.0\um\winnt.h(950,9): error C4430: missing type specifier - int assumed. Note: C++ does not support default-int [D:\Labb\clabb\Ragnarok___Win32_HighPriest2008_Release\build\src\core\ro_core.vcxproj]
  (compiling source file '../../../src/core/Timer.cpp')
  
C:\Program Files (x86)\Windows Kits\10\Include\10.0.26100.0\um\winnt.h(951,15): error C3646: 'HighPart': unknown override specifier [D:\Labb\clabb\Ragnarok___Win32_HighPriest2008_Release\build\src\core\ro_core.vcxproj]
  (compiling source file '../../../src/core/Timer.cpp')
  
C:\Program Files (x86)\Windows Kits\10\Include\10.0.26100.0\um\winnt.h(951,9): error C4430: missing type specifier - int assumed. Note: C++ does not support default-int [D:\Labb\clabb\Ragnarok___Win32_HighPriest2008_Release\build\src\core\ro_core.vcxproj]
  (compiling source file '../../../src/core/Timer.cpp')
  
C:\Program Files (x86)\Windows Kits\10\Include\10.0.26100.0\um\winnt.h(954,15): error C3646: 'LowPart': unknown override specifier [D:\Labb\clabb\Ragnarok___Win32_HighPriest2008_Release\build\src\core\ro_core.vcxproj]
  (compiling source file '../../../src/core/Timer.cpp')
  
C:\Program Files (x86)\Windows Kits\10\Include\10.0.26100.0\um\winnt.h(954,9): error C4430: missing type specifier - int assumed. Note: C++ does not support default-int [D:\Labb\clabb\Ragnarok___Win32_HighPriest2008_Release\build\src\core\ro_core.vcxproj]
  (compiling source file '../../../src/core/Timer.cpp')
  
C:\Program Files (x86)\Windows Kits\10\Include\10.0.26100.0\um\winnt.h(955,15): error C3646: 'HighPart': unknown override specifier [D:\Labb\clabb\Ragnarok___Win32_HighPriest2008_Release\build\src\core\ro_core.vcxproj]
  (compiling source file '../../../src/core/Timer.cpp')
  
C:\Program Files (x86)\Windows Kits\10\Include\10.0.26100.0\um\winnt.h(955,9): error C4430: missing type specifier - int assumed. Note: C++ does not support default-int [D:\Labb\clabb\Ragnarok___Win32_HighPriest2008_Release\build\src\core\ro_core.vcxproj]
  (compiling source file '../../../src/core/Timer.cpp')
  
C:\Program Files (x86)\Windows Kits\10\Include\10.0.26100.0\um\winnt.h(979,11): error C3646: 'LowPart': unknown override specifier [D:\Labb\clabb\Ragnarok___Win32_HighPriest2008_Release\build\src\core\ro_core.vcxproj]
  (compiling source file '../../../src/core/Timer.cpp')
  
C:\Program Files (x86)\Windows Kits\10\Include\10.0.26100.0\um\winnt.h(979,5): error C4430: missing type specifier - int assumed. Note: C++ does not support default-int [D:\Labb\clabb\Ragnarok___Win32_HighPriest2008_Release\build\src\core\ro_core.vcxproj]
  (compiling source file '../../../src/core/Timer.cpp')
  
C:\Program Files (x86)\Windows Kits\10\Include\10.0.26100.0\um\winnt.h(1035,10): error C2061: syntax error: identifier 'DWORD' [D:\Labb\clabb\Ragnarok___Win32_HighPriest2008_Release\build\src\core\ro_core.vcxproj]
  (compiling source file '../../../src/core/Timer.cpp')
  
C:\Program Files (x86)\Windows Kits\10\Include\10.0.26100.0\um\winnt.h(1042,10): error C2061: syntax error: identifier 'DWORD' [D:\Labb\clabb\Ragnarok___Win32_HighPriest2008_Release\build\src\core\ro_core.vcxproj]
  (compiling source file '../../../src/core/Timer.cpp')
  
C:\Program Files (x86)\Windows Kits\10\Include\10.0.26100.0\um\winnt.h(1049,10): error C2061: syntax error: identifier 'DWORD' [D:\Labb\clabb\Ragnarok___Win32_HighPriest2008_Release\build\src\core\ro_core.vcxproj]
  (compiling source file '../../../src/core/Timer.cpp')
  
C:\Program Files (x86)\Windows Kits\10\Include\10.0.26100.0\um\winnt.h(1061,10): error C2061: syntax error: identifier 'DWORD' [D:\Labb\clabb\Ragnarok___Win32_HighPriest2008_Release\build\src\core\ro_core.vcxproj]
  (compiling source file '../../../src/core/Timer.cpp')
  
C:\Program Files (x86)\Windows Kits\10\Include\10.0.26100.0\um\winnt.h(1077,10): error C2061: syntax error: identifier 'DWORD' [D:\Labb\clabb\Ragnarok___Win32_HighPriest2008_Release\build\src\core\ro_core.vcxproj]
  (compiling source file '../../../src/core/Timer.cpp')
  
C:\Program Files (x86)\Windows Kits\10\Include\10.0.26100.0\um\winnt.h(1093,10): error C2061: syntax error: identifier 'DWORD' [D:\Labb\clabb\Ragnarok___Win32_HighPriest2008_Release\build\src\core\ro_core.vcxproj]
  (compiling source file '../../../src/core/Timer.cpp')
  
C:\Program Files (x86)\Windows Kits\10\Include\10.0.26100.0\um\winnt.h(1246,11): error C3646: 'Flink': unknown override specifier [D:\Labb\clabb\Ragnarok___Win32_HighPriest2008_Release\build\src\core\ro_core.vcxproj]
  (compiling source file '../../../src/core/Timer.cpp')
  
C:\Program Files (x86)\Windows Kits\10\Include\10.0.26100.0\um\winnt.h(1246,5): error C4430: missing type specifier - int assumed. Note: C++ does not support default-int [D:\Labb\clabb\Ragnarok___Win32_HighPriest2008_Release\build\src\core\ro_core.vcxproj]
  (compiling source file '../../../src/core/Timer.cpp')
  
C:\Program Files (x86)\Windows Kits\10\Include\10.0.26100.0\um\winnt.h(1247,11): error C3646: 'Blink': unknown override specifier [D:\Labb\clabb\Ragnarok___Win32_HighPriest2008_Release\build\src\core\ro_core.vcxproj]
  (compiling source file '../../../src/core/Timer.cpp')
  
C:\Program Files (x86)\Windows Kits\10\Include\10.0.26100.0\um\winnt.h(1247,5): error C4430: missing type specifier - int assumed. Note: C++ does not support default-int [D:\Labb\clabb\Ragnarok___Win32_HighPriest2008_Release\build\src\core\ro_core.vcxproj]
  (compiling source file '../../../src/core/Timer.cpp')
  
C:\Program Files (x86)\Windows Kits\10\Include\10.0.26100.0\um\winnt.h(1265,11): error C3646: 'Uniquifier': unknown override specifier [D:\Labb\clabb\Ragnarok___Win32_HighPriest2008_Release\build\src\core\ro_core.vcxproj]
  (compiling source file '../../../src/core/Timer.cpp')
  
C:\Program Files (x86)\Windows Kits\10\Include\10.0.26100.0\um\winnt.h(1265,5): error C4430: missing type specifier - int assumed. Note: C++ does not support default-int [D:\Labb\clabb\Ragnarok___Win32_HighPriest2008_Release\build\src\core\ro_core.vcxproj]
  (compiling source file '../../../src/core/Timer.cpp')
  
C:\Program Files (x86)\Windows Kits\10\Include\10.0.26100.0\um\winnt.h(2709,11): error C3646: 'ErrorOffset': unknown override specifier [D:\Labb\clabb\Ragnarok___Win32_HighPriest2008_Release\build\src\core\ro_core.vcxproj]
  (compiling source file '../../../src/core/Timer.cpp')
  
C:\Program Files (x86)\Windows Kits\10\Include\10.0.26100.0\um\winnt.h(2709,5): error C4430: missing type specifier - int assumed. Note: C++ does not support default-int [D:\Labb\clabb\Ragnarok___Win32_HighPriest2008_Release\build\src\core\ro_core.vcxproj]
  (compiling source file '../../../src/core/Timer.cpp')
  
C:\Program Files (x86)\Windows Kits\10\Include\10.0.26100.0\um\winnt.h(2712,11): error C3646: 'DataOffset': unknown override specifier [D:\Labb\clabb\Ragnarok___Win32_HighPriest2008_Release\build\src\core\ro_core.vcxproj]
  (compiling source file '../../../src/core/Timer.cpp')
  
C:\Program Files (x86)\Windows Kits\10\Include\10.0.26100.0\um\winnt.h(2712,5): error C4430: missing type specifier - int assumed. Note: C++ does not support default-int [D:\Labb\clabb\Ragnarok___Win32_HighPriest2008_Release\build\src\core\ro_core.vcxproj]
  (compiling source file '../../../src/core/Timer.cpp')
  
C:\Program Files (x86)\Windows Kits\10\Include\10.0.26100.0\um\winnt.h(2715,11): error C3646: 'MxCsr': unknown override specifier [D:\Labb\clabb\Ragnarok___Win32_HighPriest2008_Release\build\src\core\ro_core.vcxproj]
  (compiling source file '../../../src/core/Timer.cpp')
  
C:\Program Files (x86)\Windows Kits\10\Include\10.0.26100.0\um\winnt.h(2715,5): error C4430: missing type specifier - int assumed. Note: C++ does not support default-int [D:\Labb\clabb\Ragnarok___Win32_HighPriest2008_Release\build\src\core\ro_core.vcxproj]
  (compiling source file '../../../src/core/Timer.cpp')
  
C:\Program Files (x86)\Windows Kits\10\Include\10.0.26100.0\um\winnt.h(2716,11): error C3646: 'MxCsr_Mask': unknown override specifier [D:\Labb\clabb\Ragnarok___Win32_HighPriest2008_Release\build\src\core\ro_core.vcxproj]
  (compiling source file '../../../src/core/Timer.cpp')
  
C:\Program Files (x86)\Windows Kits\10\Include\10.0.26100.0\um\winnt.h(2716,5): error C4430: missing type specifier - int assumed. Note: C++ does not support default-int [D:\Labb\clabb\Ragnarok___Win32_HighPriest2008_Release\build\src\core\ro_core.vcxproj]
  (compiling source file '../../../src/core/Timer.cpp')
  
C:\Program Files (x86)\Windows Kits\10\Include\10.0.26100.0\um\winnt.h(2749,11): error C3646: 'VectorLength': unknown override specifier [D:\Labb\clabb\Ragnarok___Win32_HighPriest2008_Release\build\src\core\ro_core.vcxproj]
  (compiling source file '../../../src/core/Timer.cpp')
  
C:\Program Files (x86)\Windows Kits\10\Include\10.0.26100.0\um\winnt.h(2749,5): error C4430: missing type specifier - int assumed. Note: C++ does not support default-int [D:\Labb\clabb\Ragnarok___Win32_HighPriest2008_Release\build\src\core\ro_core.vcxproj]
  (compiling source file '../../../src/core/Timer.cpp')
  
C:\Program Files (x86)\Windows Kits\10\Include\10.0.26100.0\um\winnt.h(2750,11): error C3646: 'VectorRegisterOffset': unknown override specifier [D:\Labb\clabb\Ragnarok___Win32_HighPriest2008_Release\build\src\core\ro_core.vcxproj]
  (compiling source file '../../../src/core/Timer.cpp')
  
C:\Program Files (x86)\Windows Kits\10\Include\10.0.26100.0\um\winnt.h(2750,5): error C4430: missing type specifier - int assumed. Note: C++ does not support default-int [D:\Labb\clabb\Ragnarok___Win32_HighPriest2008_Release\build\src\core\ro_core.vcxproj]
  (compiling source file '../../../src/core/Timer.cpp')
  
C:\Program Files (x86)\Windows Kits\10\Include\10.0.26100.0\um\winnt.h(2751,11): error C3646: 'PredicateRegisterOffset': unknown override specifier [D:\Labb\clabb\Ragnarok___Win32_HighPriest2008_Release\build\src\core\ro_core.vcxproj]
  (compiling source file '../../../src/core/Timer.cpp')
  
C:\Program Files (x86)\Windows Kits\10\Include\10.0.26100.0\um\winnt.h(2751,5): error C4430: missing type specifier - int assumed. Note: C++ does not support default-int [D:\Labb\clabb\Ragnarok___Win32_HighPriest2008_Release\build\src\core\ro_core.vcxproj]
  (compiling source file '../../../src/core/Timer.cpp')
  
C:\Program Files (x86)\Windows Kits\10\Include\10.0.26100.0\um\winnt.h(2752,11): error C3646: 'Reserved': unknown override specifier [D:\Labb\clabb\Ragnarok___Win32_HighPriest2008_Release\build\src\core\ro_core.vcxproj]
  (compiling source file '../../../src/core/Timer.cpp')
  
C:\Program Files (x86)\Windows Kits\10\Include\10.0.26100.0\um\winnt.h(2752,19): error C2143: syntax error: missing ',' before '[' [D:\Labb\clabb\Ragnarok___Win32_HighPriest2008_Release\build\src\core\ro_core.vcxproj]
  (compiling source file '../../../src/core/Timer.cpp')
  
C:\Program Files (x86)\Windows Kits\10\Include\10.0.26100.0\um\winnt.h(2752,22): error C2238: unexpected token(s) preceding ';' [D:\Labb\clabb\Ragnarok___Win32_HighPriest2008_Release\build\src\core\ro_core.vcxproj]
  (compiling source file '../../../src/core/Timer.cpp')
  
C:\Program Files (x86)\Windows Kits\10\Include\10.0.26100.0\um\winnt.h(2757,1): error C2118: negative subscript [D:\Labb\clabb\Ragnarok___Win32_HighPriest2008_Release\build\src\core\ro_core.vcxproj]
  (compiling source file '../../../src/core/Timer.cpp')
  
C:\Program Files (x86)\Windows Kits\10\Include\10.0.26100.0\um\winnt.h(2757,1): error C2148: total size of array must not exceed 0x7fffffff bytes [D:\Labb\clabb\Ragnarok___Win32_HighPriest2008_Release\build\src\core\ro_core.vcxproj]
  (compiling source file '../../../src/core/Timer.cpp')
  
C:\Program Files (x86)\Windows Kits\10\Include\10.0.26100.0\um\winnt.h(2776,11): error C3646: 'Length': unknown override specifier [D:\Labb\clabb\Ragnarok___Win32_HighPriest2008_Release\build\src\core\ro_core.vcxproj]
  (compiling source file '../../../src/core/Timer.cpp')
  
C:\Program Files (x86)\Windows Kits\10\Include\10.0.26100.0\um\winnt.h(2776,5): error C4430: missing type specifier - int assumed. Note: C++ does not support default-int [D:\Labb\clabb\Ragnarok___Win32_HighPriest2008_Release\build\src\core\ro_core.vcxproj]
  (compiling source file '../../../src/core/Timer.cpp')
  
C:\Program Files (x86)\Windows Kits\10\Include\10.0.26100.0\um\winnt.h(2782,11): error C3646: 'Reserved2': unknown override specifier [D:\Labb\clabb\Ragnarok___Win32_HighPriest2008_Release\build\src\core\ro_core.vcxproj]
  (compiling source file '../../../src/core/Timer.cpp')
  
C:\Program Files (x86)\Windows Kits\10\Include\10.0.26100.0\um\winnt.h(2782,5): error C4430: missing type specifier - int assumed. Note: C++ does not support default-int [D:\Labb\clabb\Ragnarok___Win32_HighPriest2008_Release\build\src\core\ro_core.vcxproj]
  (compiling source file '../../../src/core/Timer.cpp')
  
C:\Program Files (x86)\Windows Kits\10\Include\10.0.26100.0\um\winnt.h(2788,11): error C3646: 'Reserved3': unknown override specifier [D:\Labb\clabb\Ragnarok___Win32_HighPriest2008_Release\build\src\core\ro_core.vcxproj]
  (compiling source file '../../../src/core/Timer.cpp')
  
C:\Program Files (x86)\Windows Kits\10\Include\10.0.26100.0\um\winnt.h(2788,5): error C4430: missing type specifier - int assumed. Note: C++ does not support default-int [D:\Labb\clabb\Ragnarok___Win32_HighPriest2008_Release\build\src\core\ro_core.vcxproj]
  (compiling source file '../../../src/core/Timer.cpp')
  
C:\Program Files (x86)\Windows Kits\10\Include\10.0.26100.0\um\winnt.h(2810,1): error C2369: '__C_ASSERT__': redefinition; different subscripts [D:\Labb\clabb\Ragnarok___Win32_HighPriest2008_Release\build\src\core\ro_core.vcxproj]
  (compiling source file '../../../src/core/Timer.cpp')
      C:\Program Files (x86)\Windows Kits\10\Include\10.0.26100.0\um\winnt.h(2757,1):
      see declaration of '__C_ASSERT__'
  
C:\Program Files (x86)\Windows Kits\10\Include\10.0.26100.0\um\winnt.h(2821,11): error C3646: 'Count': unknown override specifier [D:\Labb\clabb\Ragnarok___Win32_HighPriest2008_Release\build\src\core\ro_core.vcxproj]
  (compiling source file '../../../src/core/Timer.cpp')
  
C:\Program Files (x86)\Windows Kits\10\Include\10.0.26100.0\um\winnt.h(2821,5): error C4430: missing type specifier - int assumed. Note: C++ does not support default-int [D:\Labb\clabb\Ragnarok___Win32_HighPriest2008_Release\build\src\core\ro_core.vcxproj]
  (compiling source file '../../../src/core/Timer.cpp')
  
C:\Program Files (x86)\Windows Kits\10\Include\10.0.26100.0\um\winnt.h(2823,15): error C3646: 'BeginAddress': unknown override specifier [D:\Labb\clabb\Ragnarok___Win32_HighPriest2008_Release\build\src\core\ro_core.vcxproj]
  (compiling source file '../../../src/core/Timer.cpp')
  
C:\Program Files (x86)\Windows Kits\10\Include\10.0.26100.0\um\winnt.h(2823,9): error C4430: missing type specifier - int assumed. Note: C++ does not support default-int [D:\Labb\clabb\Ragnarok___Win32_HighPriest2008_Release\build\src\core\ro_core.vcxproj]
  (compiling source file '../../../src/core/Timer.cpp')
  
C:\Program Files (x86)\Windows Kits\10\Include\10.0.26100.0\um\winnt.h(2824,15): error C3646: 'EndAddress': unknown override specifier [D:\Labb\clabb\Ragnarok___Win32_HighPriest2008_Release\build\src\core\ro_core.vcxproj]
  (compiling source file '../../../src/core/Timer.cpp')
  
C:\Program Files (x86)\Windows Kits\10\Include\10.0.26100.0\um\winnt.h(2824,9): error C4430: missing type specifier - int assumed. Note: C++ does not support default-int [D:\Labb\clabb\Ragnarok___Win32_HighPriest2008_Release\build\src\core\ro_core.vcxproj]
  (compiling source file '../../../src/core/Timer.cpp')
  
C:\Program Files (x86)\Windows Kits\10\Include\10.0.26100.0\um\winnt.h(2825,15): error C3646: 'HandlerAddress': unknown override specifier [D:\Labb\clabb\Ragnarok___Win32_HighPriest2008_Release\build\src\core\ro_core.vcxproj]
  (compiling source file '../../../src/core/Timer.cpp')
  
C:\Program Files (x86)\Windows Kits\10\Include\10.0.26100.0\um\winnt.h(2825,9): error C4430: missing type specifier - int assumed. Note: C++ does not support default-int [D:\Labb\clabb\Ragnarok___Win32_HighPriest2008_Release\build\src\core\ro_core.vcxproj]
  (compiling source file '../../../src/core/Timer.cpp')
  
C:\Program Files (x86)\Windows Kits\10\Include\10.0.26100.0\um\winnt.h(2826,15): error C3646: 'JumpTarget': unknown override specifier [D:\Labb\clabb\Ragnarok___Win32_HighPriest2008_Release\build\src\core\ro_core.vcxproj]
  (compiling source file '../../../src/core/Timer.cpp')
  
C:\Program Files (x86)\Windows Kits\10\Include\10.0.26100.0\um\winnt.h(2826,9): error C4430: missing type specifier - int assumed. Note: C++ does not support default-int [D:\Labb\clabb\Ragnarok___Win32_HighPriest2008_Release\build\src\core\ro_core.vcxproj]
  (compiling source file '../../../src/core/Timer.cpp')
  
C:\Program Files (x86)\Windows Kits\10\Include\10.0.26100.0\um\winnt.h(4596,11): error C3646: 'Count': unknown override specifier [D:\Labb\clabb\Ragnarok___Win32_HighPriest2008_Release\build\src\core\ro_core.vcxproj]
  (compiling source file '../../../src/core/Timer.cpp')
  
C:\Program Files (x86)\Windows Kits\10\Include\10.0.26100.0\um\winnt.h(4596,5): error C4430: missing type specifier - int assumed. Note: C++ does not support default-int [D:\Labb\clabb\Ragnarok___Win32_HighPriest2008_Release\build\src\core\ro_core.vcxproj]
  (compiling source file '../../../src/core/Timer.cpp')
  
C:\Program Files (x86)\Windows Kits\10\Include\10.0.26100.0\um\winnt.h(4599,15): error C3646: 'BeginAddress': unknown override specifier [D:\Labb\clabb\Ragnarok___Win32_HighPriest2008_Release\build\src\core\ro_core.vcxproj]
  (compiling source file '../../../src/core/Timer.cpp')
  
C:\Program Files (x86)\Windows Kits\10\Include\10.0.26100.0\um\winnt.h(4599,9): error C4430: missing type specifier - int assumed. Note: C++ does not support default-int [D:\Labb\clabb\Ragnarok___Win32_HighPriest2008_Release\build\src\core\ro_core.vcxproj]
  (compiling source file '../../../src/core/Timer.cpp')
  
C:\Program Files (x86)\Windows Kits\10\Include\10.0.26100.0\um\winnt.h(4600,15): error C3646: 'EndAddress': unknown override specifier [D:\Labb\clabb\Ragnarok___Win32_HighPriest2008_Release\build\src\core\ro_core.vcxproj]
  (compiling source file '../../../src/core/Timer.cpp')
  
C:\Program Files (x86)\Windows Kits\10\Include\10.0.26100.0\um\winnt.h(4600,9): error C4430: missing type specifier - int assumed. Note: C++ does not support default-int [D:\Labb\clabb\Ragnarok___Win32_HighPriest2008_Release\build\src\core\ro_core.vcxproj]
  (compiling source file '../../../src/core/Timer.cpp')
  
C:\Program Files (x86)\Windows Kits\10\Include\10.0.26100.0\um\winnt.h(4601,15): error C3646: 'HandlerAddress': unknown override specifier [D:\Labb\clabb\Ragnarok___Win32_HighPriest2008_Release\build\src\core\ro_core.vcxproj]
  (compiling source file '../../../src/core/Timer.cpp')
  
C:\Program Files (x86)\Windows Kits\10\Include\10.0.26100.0\um\winnt.h(4601,9): error C4430: missing type specifier - int assumed. Note: C++ does not support default-int [D:\Labb\clabb\Ragnarok___Win32_HighPriest2008_Release\build\src\core\ro_core.vcxproj]
  (compiling source file '../../../src/core/Timer.cpp')
  
C:\Program Files (x86)\Windows Kits\10\Include\10.0.26100.0\um\winnt.h(4602,15): error C3646: 'JumpTarget': unknown override specifier [D:\Labb\clabb\Ragnarok___Win32_HighPriest2008_Release\build\src\core\ro_core.vcxproj]
  (compiling source file '../../../src/core/Timer.cpp')
  
C:\Program Files (x86)\Windows Kits\10\Include\10.0.26100.0\um\winnt.h(4602,9): error C4430: missing type specifier - int assumed. Note: C++ does not support default-int [D:\Labb\clabb\Ragnarok___Win32_HighPriest2008_Release\build\src\core\ro_core.vcxproj]
  (compiling source file '../../../src/core/Timer.cpp')
  
C:\Program Files (x86)\Windows Kits\10\Include\10.0.26100.0\um\winnt.h(5466,11): error C3646: 'Count': unknown override specifier [D:\Labb\clabb\Ragnarok___Win32_HighPriest2008_Release\build\src\core\ro_core.vcxproj]
  (compiling source file '../../../src/core/Timer.cpp')
  
C:\Program Files (x86)\Windows Kits\10\Include\10.0.26100.0\um\winnt.h(5466,5): error C4430: missing type specifier - int assumed. Note: C++ does not support default-int [D:\Labb\clabb\Ragnarok___Win32_HighPriest2008_Release\build\src\core\ro_core.vcxproj]
  (compiling source file '../../../src/core/Timer.cpp')
  
C:\Program Files (x86)\Windows Kits\10\Include\10.0.26100.0\um\winnt.h(5469,15): error C3646: 'BeginAddress': unknown override specifier [D:\Labb\clabb\Ragnarok___Win32_HighPriest2008_Release\build\src\core\ro_core.vcxproj]
  (compiling source file '../../../src/core/Timer.cpp')
  
C:\Program Files (x86)\Windows Kits\10\Include\10.0.26100.0\um\winnt.h(5469,9): error C4430: missing type specifier - int assumed. Note: C++ does not support default-int [D:\Labb\clabb\Ragnarok___Win32_HighPriest2008_Release\build\src\core\ro_core.vcxproj]
  (compiling source file '../../../src/core/Timer.cpp')
  
C:\Program Files (x86)\Windows Kits\10\Include\10.0.26100.0\um\winnt.h(5470,15): error C3646: 'EndAddress': unknown override specifier [D:\Labb\clabb\Ragnarok___Win32_HighPriest2008_Release\build\src\core\ro_core.vcxproj]
  (compiling source file '../../../src/core/Timer.cpp')
  
C:\Program Files (x86)\Windows Kits\10\Include\10.0.26100.0\um\winnt.h(5470,9): error C4430: missing type specifier - int assumed. Note: C++ does not support default-int [D:\Labb\clabb\Ragnarok___Win32_HighPriest2008_Release\build\src\core\ro_core.vcxproj]
  (compiling source file '../../../src/core/Timer.cpp')
  
C:\Program Files (x86)\Windows Kits\10\Include\10.0.26100.0\um\winnt.h(5471,15): error C3646: 'HandlerAddress': unknown override specifier [D:\Labb\clabb\Ragnarok___Win32_HighPriest2008_Release\build\src\core\ro_core.vcxproj]
  (compiling source file '../../../src/core/Timer.cpp')
  
C:\Program Files (x86)\Windows Kits\10\Include\10.0.26100.0\um\winnt.h(5471,9): error C4430: missing type specifier - int assumed. Note: C++ does not support default-int [D:\Labb\clabb\Ragnarok___Win32_HighPriest2008_Release\build\src\core\ro_core.vcxproj]
  (compiling source file '../../../src/core/Timer.cpp')
  
C:\Program Files (x86)\Windows Kits\10\Include\10.0.26100.0\um\winnt.h(5472,15): error C3646: 'JumpTarget': unknown override specifier [D:\Labb\clabb\Ragnarok___Win32_HighPriest2008_Release\build\src\core\ro_core.vcxproj]
  (compiling source file '../../../src/core/Timer.cpp')
  
C:\Program Files (x86)\Windows Kits\10\Include\10.0.26100.0\um\winnt.h(5472,9): error C4430: missing type specifier - int assumed. Note: C++ does not support default-int [D:\Labb\clabb\Ragnarok___Win32_HighPriest2008_Release\build\src\core\ro_core.vcxproj]
  (compiling source file '../../../src/core/Timer.cpp')
  
C:\Program Files (x86)\Windows Kits\10\Include\10.0.26100.0\um\winnt.h(6802,24): error C3646: 'ContextFlags': unknown override specifier [D:\Labb\clabb\Ragnarok___Win32_HighPriest2008_Release\build\src\core\ro_core.vcxproj]
  (compiling source file '../../../src/core/Timer.cpp')
  
C:\Program Files (x86)\Windows Kits\10\Include\10.0.26100.0\um\winnt.h(6802,18): error C4430: missing type specifier - int assumed. Note: C++ does not support default-int [D:\Labb\clabb\Ragnarok___Win32_HighPriest2008_Release\build\src\core\ro_core.vcxproj]
  (compiling source file '../../../src/core/Timer.cpp')
  
C:\Program Files (x86)\Windows Kits\10\Include\10.0.26100.0\um\winnt.h(6808,24): error C3646: 'Cpsr': unknown override specifier [D:\Labb\clabb\Ragnarok___Win32_HighPriest2008_Release\build\src\core\ro_core.vcxproj]
  (compiling source file '../../../src/core/Timer.cpp')
  
C:\Program Files (x86)\Windows Kits\10\Include\10.0.26100.0\um\winnt.h(6808,18): error C4430: missing type specifier - int assumed. Note: C++ does not support default-int [D:\Labb\clabb\Ragnarok___Win32_HighPriest2008_Release\build\src\core\ro_core.vcxproj]
  (compiling source file '../../../src/core/Timer.cpp')
  
C:\Program Files (x86)\Windows Kits\10\Include\10.0.26100.0\um\winnt.h(6853,24): error C3646: 'Fpcr': unknown override specifier [D:\Labb\clabb\Ragnarok___Win32_HighPriest2008_Release\build\src\core\ro_core.vcxproj]
  (compiling source file '../../../src/core/Timer.cpp')
  
C:\Program Files (x86)\Windows Kits\10\Include\10.0.26100.0\um\winnt.h(6853,18): error C4430: missing type specifier - int assumed. Note: C++ does not support default-int [D:\Labb\clabb\Ragnarok___Win32_HighPriest2008_Release\build\src\core\ro_core.vcxproj]
  (compiling source file '../../../src/core/Timer.cpp')
  
C:\Program Files (x86)\Windows Kits\10\Include\10.0.26100.0\um\winnt.h(6854,24): error C3646: 'Fpsr': unknown override specifier [D:\Labb\clabb\Ragnarok___Win32_HighPriest2008_Release\build\src\core\ro_core.vcxproj]
  (compiling source file '../../../src/core/Timer.cpp')
  
C:\Program Files (x86)\Windows Kits\10\Include\10.0.26100.0\um\winnt.h(6854,18): error C4430: missing type specifier - int assumed. Note: C++ does not support default-int [D:\Labb\clabb\Ragnarok___Win32_HighPriest2008_Release\build\src\core\ro_core.vcxproj]
  (compiling source file '../../../src/core/Timer.cpp')
  
C:\Program Files (x86)\Windows Kits\10\Include\10.0.26100.0\um\winnt.h(6860,24): error C3646: 'Bcr': unknown override specifier [D:\Labb\clabb\Ragnarok___Win32_HighPriest2008_Release\build\src\core\ro_core.vcxproj]
  (compiling source file '../../../src/core/Timer.cpp')
  
C:\Program Files (x86)\Windows Kits\10\Include\10.0.26100.0\um\winnt.h(6860,27): error C2143: syntax error: missing ',' before '[' [D:\Labb\clabb\Ragnarok___Win32_HighPriest2008_Release\build\src\core\ro_core.vcxproj]
  (compiling source file '../../../src/core/Timer.cpp')
  
C:\Program Files (x86)\Windows Kits\10\Include\10.0.26100.0\um\winnt.h(6860,50): error C2238: unexpected token(s) preceding ';' [D:\Labb\clabb\Ragnarok___Win32_HighPriest2008_Release\build\src\core\ro_core.vcxproj]
  (compiling source file '../../../src/core/Timer.cpp')
  
C:\Program Files (x86)\Windows Kits\10\Include\10.0.26100.0\um\winnt.h(6862,24): error C3646: 'Wcr': unknown override specifier [D:\Labb\clabb\Ragnarok___Win32_HighPriest2008_Release\build\src\core\ro_core.vcxproj]
  (compiling source file '../../../src/core/Timer.cpp')
  
C:\Program Files (x86)\Windows Kits\10\Include\10.0.26100.0\um\winnt.h(6862,27): error C2143: syntax error: missing ',' before '[' [D:\Labb\clabb\Ragnarok___Win32_HighPriest2008_Release\build\src\core\ro_core.vcxproj]
  (compiling source file '../../../src/core/Timer.cpp')
  
C:\Program Files (x86)\Windows Kits\10\Include\10.0.26100.0\um\winnt.h(6862,50): error C2238: unexpected token(s) preceding ';' [D:\Labb\clabb\Ragnarok___Win32_HighPriest2008_Release\build\src\core\ro_core.vcxproj]
  (compiling source file '../../../src/core/Timer.cpp')
  
C:\Program Files (x86)\Windows Kits\10\Include\10.0.26100.0\um\winnt.h(6899,32): error C3646: 'ContextFlags': unknown override specifier [D:\Labb\clabb\Ragnarok___Win32_HighPriest2008_Release\build\src\core\ro_core.vcxproj]
  (compiling source file '../../../src/core/Timer.cpp')
  
C:\Program Files (x86)\Windows Kits\10\Include\10.0.26100.0\um\winnt.h(6899,26): error C4430: missing type specifier - int assumed. Note: C++ does not support default-int [D:\Labb\clabb\Ragnarok___Win32_HighPriest2008_Release\build\src\core\ro_core.vcxproj]
  (compiling source file '../../../src/core/Timer.cpp')
  
C:\Program Files (x86)\Windows Kits\10\Include\10.0.26100.0\um\winnt.h(6901,32): error C3646: 'AMD64_MxCsr_copy': unknown override specifier [D:\Labb\clabb\Ragnarok___Win32_HighPriest2008_Release\build\src\core\ro_core.vcxproj]
  (compiling source file '../../../src/core/Timer.cpp')
  
C:\Program Files (x86)\Windows Kits\10\Include\10.0.26100.0\um\winnt.h(6901,26): error C4430: missing type specifier - int assumed. Note: C++ does not support default-int [D:\Labb\clabb\Ragnarok___Win32_HighPriest2008_Release\build\src\core\ro_core.vcxproj]
  (compiling source file '../../../src/core/Timer.cpp')
  
C:\Program Files (x86)\Windows Kits\10\Include\10.0.26100.0\um\winnt.h(6919,32): error C3646: 'AMD64_EFlags': unknown override specifier [D:\Labb\clabb\Ragnarok___Win32_HighPriest2008_Release\build\src\core\ro_core.vcxproj]
  (compiling source file '../../../src/core/Timer.cpp')
  
C:\Program Files (x86)\Windows Kits\10\Include\10.0.26100.0\um\winnt.h(6919,26): error C4430: missing type specifier - int assumed. Note: C++ does not support default-int [D:\Labb\clabb\Ragnarok___Win32_HighPriest2008_Release\build\src\core\ro_core.vcxproj]
  (compiling source file '../../../src/core/Timer.cpp')
  
C:\Program Files (x86)\Windows Kits\10\Include\10.0.26100.0\um\winnt.h(6969,36): error C3646: 'AMD64_ErrorOffset': unknown override specifier [D:\Labb\clabb\Ragnarok___Win32_HighPriest2008_Release\build\src\core\ro_core.vcxproj]
  (compiling source file '../../../src/core/Timer.cpp')
  
C:\Program Files (x86)\Windows Kits\10\Include\10.0.26100.0\um\winnt.h(6969,30): error C4430: missing type specifier - int assumed. Note: C++ does not support default-int [D:\Labb\clabb\Ragnarok___Win32_HighPriest2008_Release\build\src\core\ro_core.vcxproj]
  (compiling source file '../../../src/core/Timer.cpp')
  
C:\Program Files (x86)\Windows Kits\10\Include\10.0.26100.0\um\winnt.h(6972,36): error C3646: 'AMD64_DataOffset': unknown override specifier [D:\Labb\clabb\Ragnarok___Win32_HighPriest2008_Release\build\src\core\ro_core.vcxproj]
  (compiling source file '../../../src/core/Timer.cpp')
  
C:\Program Files (x86)\Windows Kits\10\Include\10.0.26100.0\um\winnt.h(6972,30): error C4430: missing type specifier - int assumed. Note: C++ does not support default-int [D:\Labb\clabb\Ragnarok___Win32_HighPriest2008_Release\build\src\core\ro_core.vcxproj]
  (compiling source file '../../../src/core/Timer.cpp')
  
C:\Program Files (x86)\Windows Kits\10\Include\10.0.26100.0\um\winnt.h(6976,36): error C3646: 'AMD64_MxCsr': unknown override specifier [D:\Labb\clabb\Ragnarok___Win32_HighPriest2008_Release\build\src\core\ro_core.vcxproj]
  (compiling source file '../../../src/core/Timer.cpp')
  
C:\Program Files (x86)\Windows Kits\10\Include\10.0.26100.0\um\winnt.h(6976,30): error C4430: missing type specifier - int assumed. Note: C++ does not support default-int [D:\Labb\clabb\Ragnarok___Win32_HighPriest2008_Release\build\src\core\ro_core.vcxproj]
  (compiling source file '../../../src/core/Timer.cpp')
  
C:\Program Files (x86)\Windows Kits\10\Include\10.0.26100.0\um\winnt.h(6977,36): error C3646: 'AMD64_MxCsr_Mask': unknown override specifier [D:\Labb\clabb\Ragnarok___Win32_HighPriest2008_Release\build\src\core\ro_core.vcxproj]
  (compiling source file '../../../src/core/Timer.cpp')
  
C:\Program Files (x86)\Windows Kits\10\Include\10.0.26100.0\um\winnt.h(6977,30): error C4430: missing type specifier - int assumed. Note: C++ does not support default-int [D:\Labb\clabb\Ragnarok___Win32_HighPriest2008_Release\build\src\core\ro_core.vcxproj]
  (compiling source file '../../../src/core/Timer.cpp')
  
C:\Program Files (x86)\Windows Kits\10\Include\10.0.26100.0\um\winnt.h(6982,36): error C3646: 'AMD64_St0_Reserved2': unknown override specifier [D:\Labb\clabb\Ragnarok___Win32_HighPriest2008_Release\build\src\core\ro_core.vcxproj]
  (compiling source file '../../../src/core/Timer.cpp')
  
C:\Program Files (x86)\Windows Kits\10\Include\10.0.26100.0\um\winnt.h(6982,30): error C4430: missing type specifier - int assumed. Note: C++ does not support default-int [D:\Labb\clabb\Ragnarok___Win32_HighPriest2008_Release\build\src\core\ro_core.vcxproj]
  (compiling source file '../../../src/core/Timer.cpp')
  
C:\Program Files (x86)\Windows Kits\10\Include\10.0.26100.0\um\winnt.h(6986,36): error C3646: 'AMD64_St1_Reserved2': unknown override specifier [D:\Labb\clabb\Ragnarok___Win32_HighPriest2008_Release\build\src\core\ro_core.vcxproj]
  (compiling source file '../../../src/core/Timer.cpp')
  
C:\Program Files (x86)\Windows Kits\10\Include\10.0.26100.0\um\winnt.h(6986,30): error C4430: missing type specifier - int assumed. Note: C++ does not support default-int [D:\Labb\clabb\Ragnarok___Win32_HighPriest2008_Release\build\src\core\ro_core.vcxproj]
  (compiling source file '../../../src/core/Timer.cpp')
  
C:\Program Files (x86)\Windows Kits\10\Include\10.0.26100.0\um\winnt.h(6990,36): error C3646: 'AMD64_St2_Reserved2': unknown override specifier [D:\Labb\clabb\Ragnarok___Win32_HighPriest2008_Release\build\src\core\ro_core.vcxproj]
  (compiling source file '../../../src/core/Timer.cpp')
  
C:\Program Files (x86)\Windows Kits\10\Include\10.0.26100.0\um\winnt.h(6990,30): error C4430: missing type specifier - int assumed. Note: C++ does not support default-int [D:\Labb\clabb\Ragnarok___Win32_HighPriest2008_Release\build\src\core\ro_core.vcxproj]
  (compiling source file '../../../src/core/Timer.cpp')
  
C:\Program Files (x86)\Windows Kits\10\Include\10.0.26100.0\um\winnt.h(6994,36): error C3646: 'AMD64_St3_Reserved2': unknown override specifier [D:\Labb\clabb\Ragnarok___Win32_HighPriest2008_Release\build\src\core\ro_core.vcxproj]
  (compiling source file '../../../src/core/Timer.cpp')
  
C:\Program Files (x86)\Windows Kits\10\Include\10.0.26100.0\um\winnt.h(6994,30): error C4430: missing type specifier - int assumed. Note: C++ does not support default-int [D:\Labb\clabb\Ragnarok___Win32_HighPriest2008_Release\build\src\core\ro_core.vcxproj]
  (compiling source file '../../../src/core/Timer.cpp')
  
C:\Program Files (x86)\Windows Kits\10\Include\10.0.26100.0\um\winnt.h(6998,36): error C3646: 'AMD64_St4_Reserved2': unknown override specifier [D:\Labb\clabb\Ragnarok___Win32_HighPriest2008_Release\build\src\core\ro_core.vcxproj]
  (compiling source file '../../../src/core/Timer.cpp')
  
C:\Program Files (x86)\Windows Kits\10\Include\10.0.26100.0\um\winnt.h(6998,30): error C4430: missing type specifier - int assumed. Note: C++ does not support default-int [D:\Labb\clabb\Ragnarok___Win32_HighPriest2008_Release\build\src\core\ro_core.vcxproj]
  (compiling source file '../../../src/core/Timer.cpp')
  
C:\Program Files (x86)\Windows Kits\10\Include\10.0.26100.0\um\winnt.h(7002,36): error C3646: 'AMD64_St5_Reserved2': unknown override specifier [D:\Labb\clabb\Ragnarok___Win32_HighPriest2008_Release\build\src\core\ro_core.vcxproj]
  (compiling source file '../../../src/core/Timer.cpp')
  
C:\Program Files (x86)\Windows Kits\10\Include\10.0.26100.0\um\winnt.h(7002,30): error C4430: missing type specifier - int assumed. Note: C++ does not support default-int [D:\Labb\clabb\Ragnarok___Win32_HighPriest2008_Release\build\src\core\ro_core.vcxproj]
  (compiling source file '../../../src/core/Timer.cpp')
  
C:\Program Files (x86)\Windows Kits\10\Include\10.0.26100.0\um\winnt.h(7006,36): error C3646: 'AMD64_St6_Reserved2': unknown override specifier [D:\Labb\clabb\Ragnarok___Win32_HighPriest2008_Release\build\src\core\ro_core.vcxproj]
  (compiling source file '../../../src/core/Timer.cpp')
  
C:\Program Files (x86)\Windows Kits\10\Include\10.0.26100.0\um\winnt.h(7006,30): error C4430: missing type specifier - int assumed. Note: C++ does not support default-int [D:\Labb\clabb\Ragnarok___Win32_HighPriest2008_Release\build\src\core\ro_core.vcxproj]
  (compiling source file '../../../src/core/Timer.cpp')
  
C:\Program Files (x86)\Windows Kits\10\Include\10.0.26100.0\um\winnt.h(7010,36): error C3646: 'AMD64_St7_Reserved2': unknown override specifier [D:\Labb\clabb\Ragnarok___Win32_HighPriest2008_Release\build\src\core\ro_core.vcxproj]
  (compiling source file '../../../src/core/Timer.cpp')
  
C:\Program Files (x86)\Windows Kits\10\Include\10.0.26100.0\um\winnt.h(7010,30): error C4430: missing type specifier - int assumed. Note: C++ does not support default-int [D:\Labb\clabb\Ragnarok___Win32_HighPriest2008_Release\build\src\core\ro_core.vcxproj]
  (compiling source file '../../../src/core/Timer.cpp')
  
C:\Program Files (x86)\Windows Kits\10\Include\10.0.26100.0\um\winnt.h(7111,1): error C2369: '__C_ASSERT__': redefinition; different subscripts [D:\Labb\clabb\Ragnarok___Win32_HighPriest2008_Release\build\src\core\ro_core.vcxproj]
  (compiling source file '../../../src/core/Timer.cpp')
      C:\Program Files (x86)\Windows Kits\10\Include\10.0.26100.0\um\winnt.h(2757,1):
      see declaration of '__C_ASSERT__'
  
C:\Program Files (x86)\Windows Kits\10\Include\10.0.26100.0\um\winnt.h(7125,11): error C3646: 'ScopeIndex': unknown override specifier [D:\Labb\clabb\Ragnarok___Win32_HighPriest2008_Release\build\src\core\ro_core.vcxproj]
  (compiling source file '../../../src/core/Timer.cpp')
  
C:\Program Files (x86)\Windows Kits\10\Include\10.0.26100.0\um\winnt.h(7125,5): error C4430: missing type specifier - int assumed. Note: C++ does not support default-int [D:\Labb\clabb\Ragnarok___Win32_HighPriest2008_Release\build\src\core\ro_core.vcxproj]
  (compiling source file '../../../src/core/Timer.cpp')
  
C:\Program Files (x86)\Windows Kits\10\Include\10.0.26100.0\um\winnt.h(7524,18): error C2065: 'Index': undeclared identifier [D:\Labb\clabb\Ragnarok___Win32_HighPriest2008_Release\build\src\core\ro_core.vcxproj]
  (compiling source file '../../../src/core/Timer.cpp')
  
C:\Program Files (x86)\Windows Kits\10\Include\10.0.26100.0\um\winnt.h(7525,16): error C2146: syntax error: missing ')' before identifier 'Mask' [D:\Labb\clabb\Ragnarok___Win32_HighPriest2008_Release\build\src\core\ro_core.vcxproj]
  (compiling source file '../../../src/core/Timer.cpp')
  
C:\Program Files (x86)\Windows Kits\10\Include\10.0.26100.0\um\winnt.h(7531,18): error C2065: 'Index': undeclared identifier [D:\Labb\clabb\Ragnarok___Win32_HighPriest2008_Release\build\src\core\ro_core.vcxproj]
  (compiling source file '../../../src/core/Timer.cpp')
  
C:\Program Files (x86)\Windows Kits\10\Include\10.0.26100.0\um\winnt.h(7532,16): error C2146: syntax error: missing ')' before identifier 'Mask' [D:\Labb\clabb\Ragnarok___Win32_HighPriest2008_Release\build\src\core\ro_core.vcxproj]
  (compiling source file '../../../src/core/Timer.cpp')
  
C:\Program Files (x86)\Windows Kits\10\Include\10.0.26100.0\um\winnt.h(7542,18): error C2065: 'Index': undeclared identifier [D:\Labb\clabb\Ragnarok___Win32_HighPriest2008_Release\build\src\core\ro_core.vcxproj]
  (compiling source file '../../../src/core/Timer.cpp')
  
C:\Program Files (x86)\Windows Kits\10\Include\10.0.26100.0\um\winnt.h(7543,10): error C2275: 'DWORD64': expected an expression instead of a type [D:\Labb\clabb\Ragnarok___Win32_HighPriest2008_Release\build\src\core\ro_core.vcxproj]
  (compiling source file '../../../src/core/Timer.cpp')
  
C:\Program Files (x86)\Windows Kits\10\Include\10.0.26100.0\um\winnt.h(7543,18): error C2146: syntax error: missing ')' before identifier 'Mask' [D:\Labb\clabb\Ragnarok___Win32_HighPriest2008_Release\build\src\core\ro_core.vcxproj]
  (compiling source file '../../../src/core/Timer.cpp')
  
C:\Program Files (x86)\Windows Kits\10\Include\10.0.26100.0\um\winnt.h(7545,1): error C2143: syntax error: missing ';' before '{' [D:\Labb\clabb\Ragnarok___Win32_HighPriest2008_Release\build\src\core\ro_core.vcxproj]
  (compiling source file '../../../src/core/Timer.cpp')
  
C:\Program Files (x86)\Windows Kits\10\Include\10.0.26100.0\um\winnt.h(7545,1): error C2447: '{': missing function header (old-style formal list?) [D:\Labb\clabb\Ragnarok___Win32_HighPriest2008_Release\build\src\core\ro_core.vcxproj]
  (compiling source file '../../../src/core/Timer.cpp')
  
C:\Program Files (x86)\Windows Kits\10\Include\10.0.26100.0\um\winnt.h(7564,18): error C2065: 'Index': undeclared identifier [D:\Labb\clabb\Ragnarok___Win32_HighPriest2008_Release\build\src\core\ro_core.vcxproj]
  (compiling source file '../../../src/core/Timer.cpp')
  
C:\Program Files (x86)\Windows Kits\10\Include\10.0.26100.0\um\winnt.h(7565,10): error C2275: 'DWORD64': expected an expression instead of a type [D:\Labb\clabb\Ragnarok___Win32_HighPriest2008_Release\build\src\core\ro_core.vcxproj]
  (compiling source file '../../../src/core/Timer.cpp')
  
C:\Program Files (x86)\Windows Kits\10\Include\10.0.26100.0\um\winnt.h(7565,18): error C2146: syntax error: missing ')' before identifier 'Mask' [D:\Labb\clabb\Ragnarok___Win32_HighPriest2008_Release\build\src\core\ro_core.vcxproj]
  (compiling source file '../../../src/core/Timer.cpp')
  
C:\Program Files (x86)\Windows Kits\10\Include\10.0.26100.0\um\winnt.h(7567,1): error C2143: syntax error: missing ';' before '{' [D:\Labb\clabb\Ragnarok___Win32_HighPriest2008_Release\build\src\core\ro_core.vcxproj]
  (compiling source file '../../../src/core/Timer.cpp')
  
C:\Program Files (x86)\Windows Kits\10\Include\10.0.26100.0\um\winnt.h(7567,1): error C2447: '{': missing function header (old-style formal list?) [D:\Labb\clabb\Ragnarok___Win32_HighPriest2008_Release\build\src\core\ro_core.vcxproj]
  (compiling source file '../../../src/core/Timer.cpp')
  
C:\Program Files (x86)\Windows Kits\10\Include\10.0.26100.0\um\winnt.h(7567,1): error C1003: error count exceeds 100; stopping compilation [D:\Labb\clabb\Ragnarok___Win32_HighPriest2008_Release\build\src\core\ro_core.vcxproj]
  (compiling source file '../../../src/core/Timer.cpp')
  
D:\Labb\clabb\Ragnarok___Win32_HighPriest2008_Release\src\core\GPak.h(61,20): error C3646: 'm_hFile': unknown override specifier [D:\Labb\clabb\Ragnarok___Win32_HighPriest2008_Release\build\src\core\ro_core.vcxproj]
  (compiling source file '../../../src/core/GPak.cpp')
  
D:\Labb\clabb\Ragnarok___Win32_HighPriest2008_Release\src\core\GPak.h(61,33): error C2059: syntax error: '=' [D:\Labb\clabb\Ragnarok___Win32_HighPriest2008_Release\build\src\core\ro_core.vcxproj]
  (compiling source file '../../../src/core/GPak.cpp')
  
D:\Labb\clabb\Ragnarok___Win32_HighPriest2008_Release\src\core\GPak.h(61,55): error C2238: unexpected token(s) preceding ';' [D:\Labb\clabb\Ragnarok___Win32_HighPriest2008_Release\build\src\core\ro_core.vcxproj]
  (compiling source file '../../../src/core/GPak.cpp')
  
D:\Labb\clabb\Ragnarok___Win32_HighPriest2008_Release\src\core\GPak.h(62,20): error C3646: 'm_hFileMap': unknown override specifier [D:\Labb\clabb\Ragnarok___Win32_HighPriest2008_Release\build\src\core\ro_core.vcxproj]
  (compiling source file '../../../src/core/GPak.cpp')
  
D:\Labb\clabb\Ragnarok___Win32_HighPriest2008_Release\src\core\GPak.h(62,33): error C2059: syntax error: '=' [D:\Labb\clabb\Ragnarok___Win32_HighPriest2008_Release\build\src\core\ro_core.vcxproj]
  (compiling source file '../../../src/core/GPak.cpp')
  
D:\Labb\clabb\Ragnarok___Win32_HighPriest2008_Release\src\core\GPak.h(62,42): error C2238: unexpected token(s) preceding ';' [D:\Labb\clabb\Ragnarok___Win32_HighPriest2008_Release\build\src\core\ro_core.vcxproj]
  (compiling source file '../../../src/core/GPak.cpp')
  
D:\Labb\clabb\Ragnarok___Win32_HighPriest2008_Release\src\core\GPak.h(35,7): error C2011: 'CMemFile': 'class' type redefinition [D:\Labb\clabb\Ragnarok___Win32_HighPriest2008_Release\build\src\core\ro_core.vcxproj]
  (compiling source file '../../../src/core/File.cpp')
      D:\Labb\clabb\Ragnarok___Win32_HighPriest2008_Release\src\core\File.h(89,7):
      see declaration of 'CMemFile'
  
D:\Labb\clabb\Ragnarok___Win32_HighPriest2008_Release\src\core\GPak.h(46,7): error C2011: 'CMemMapFile': 'class' type redefinition [D:\Labb\clabb\Ragnarok___Win32_HighPriest2008_Release\build\src\core\ro_core.vcxproj]
  (compiling source file '../../../src/core/File.cpp')
      D:\Labb\clabb\Ragnarok___Win32_HighPriest2008_Release\src\core\File.h(97,7):
      see declaration of 'CMemMapFile'
  
D:\Labb\clabb\Ragnarok___Win32_HighPriest2008_Release\src\core\File.cpp(21,17): error C3312: no callable 'get' function found for type 'std::pair<CMemFile *,CGPak *>' [D:\Labb\clabb\Ragnarok___Win32_HighPriest2008_Release\build\src\core\ro_core.vcxproj]
D:\Labb\clabb\Ragnarok___Win32_HighPriest2008_Release\src\core\File.cpp(21,26): error C3312: no callable 'get' function found for type 'std::pair<CMemFile *,CGPak *>' [D:\Labb\clabb\Ragnarok___Win32_HighPriest2008_Release\build\src\core\ro_core.vcxproj]
D:\Labb\clabb\Ragnarok___Win32_HighPriest2008_Release\src\core\File.cpp(23,9): error C2541: 'delete': cannot delete objects that are not pointers [D:\Labb\clabb\Ragnarok___Win32_HighPriest2008_Release\build\src\core\ro_core.vcxproj]
D:\Labb\clabb\Ragnarok___Win32_HighPriest2008_Release\src\core\File.cpp(24,9): error C2541: 'delete': cannot delete objects that are not pointers [D:\Labb\clabb\Ragnarok___Win32_HighPriest2008_Release\build\src\core\ro_core.vcxproj]
D:\Labb\clabb\Ragnarok___Win32_HighPriest2008_Release\src\core\File.cpp(32,36): error C2027: use of undefined type 'CMemMapFile' [D:\Labb\clabb\Ragnarok___Win32_HighPriest2008_Release\build\src\core\ro_core.vcxproj]
      D:\Labb\clabb\Ragnarok___Win32_HighPriest2008_Release\src\core\File.h(97,7):
      see declaration of 'CMemMapFile'
  
D:\Labb\clabb\Ragnarok___Win32_HighPriest2008_Release\src\core\File.cpp(34,10): error C3536: 'memFile': cannot be used before it is initialized [D:\Labb\clabb\Ragnarok___Win32_HighPriest2008_Release\build\src\core\ro_core.vcxproj]
D:\Labb\clabb\Ragnarok___Win32_HighPriest2008_Release\src\core\File.cpp(37,9): error C2541: 'delete': cannot delete objects that are not pointers [D:\Labb\clabb\Ragnarok___Win32_HighPriest2008_Release\build\src\core\ro_core.vcxproj]
D:\Labb\clabb\Ragnarok___Win32_HighPriest2008_Release\src\core\File.cpp(44,9): error C2541: 'delete': cannot delete objects that are not pointers [D:\Labb\clabb\Ragnarok___Win32_HighPriest2008_Release\build\src\core\ro_core.vcxproj]
D:\Labb\clabb\Ragnarok___Win32_HighPriest2008_Release\src\core\File.cpp(56,23): error C3312: no callable 'get' function found for type 'const std::pair<CMemFile *,CGPak *>' [D:\Labb\clabb\Ragnarok___Win32_HighPriest2008_Release\build\src\core\ro_core.vcxproj]
D:\Labb\clabb\Ragnarok___Win32_HighPriest2008_Release\src\core\File.cpp(56,32): error C3312: no callable 'get' function found for type 'const std::pair<CMemFile *,CGPak *>' [D:\Labb\clabb\Ragnarok___Win32_HighPriest2008_Release\build\src\core\ro_core.vcxproj]
D:\Labb\clabb\Ragnarok___Win32_HighPriest2008_Release\src\core\File.cpp(132,17): error C3312: no callable 'get' function found for type 'std::pair<CMemFile *,CGPak *>' [D:\Labb\clabb\Ragnarok___Win32_HighPriest2008_Release\build\src\core\ro_core.vcxproj]
D:\Labb\clabb\Ragnarok___Win32_HighPriest2008_Release\src\core\File.cpp(132,26): error C3312: no callable 'get' function found for type 'std::pair<CMemFile *,CGPak *>' [D:\Labb\clabb\Ragnarok___Win32_HighPriest2008_Release\build\src\core\ro_core.vcxproj]
D:\Labb\clabb\Ragnarok___Win32_HighPriest2008_Release\src\core\File.cpp(276,14): error C2027: use of undefined type 'CMemMapFile' [D:\Labb\clabb\Ragnarok___Win32_HighPriest2008_Release\build\src\core\ro_core.vcxproj]
      D:\Labb\clabb\Ragnarok___Win32_HighPriest2008_Release\src\core\File.h(97,7):
      see declaration of 'CMemMapFile'
  
D:\Labb\clabb\Ragnarok___Win32_HighPriest2008_Release\src\core\File.cpp(276,14): error C4430: missing type specifier - int assumed. Note: C++ does not support default-int [D:\Labb\clabb\Ragnarok___Win32_HighPriest2008_Release\build\src\core\ro_core.vcxproj]
D:\Labb\clabb\Ragnarok___Win32_HighPriest2008_Release\src\core\File.cpp(278,5): error C3861: 'init': identifier not found [D:\Labb\clabb\Ragnarok___Win32_HighPriest2008_Release\build\src\core\ro_core.vcxproj]
D:\Labb\clabb\Ragnarok___Win32_HighPriest2008_Release\src\core\File.cpp(279,1): warning C4508: '{ctor}': function should return a value; 'void' return type assumed [D:\Labb\clabb\Ragnarok___Win32_HighPriest2008_Release\build\src\core\ro_core.vcxproj]
D:\Labb\clabb\Ragnarok___Win32_HighPriest2008_Release\src\core\File.cpp(281,15): error C2027: use of undefined type 'CMemMapFile' [D:\Labb\clabb\Ragnarok___Win32_HighPriest2008_Release\build\src\core\ro_core.vcxproj]
      D:\Labb\clabb\Ragnarok___Win32_HighPriest2008_Release\src\core\File.h(97,7):
      see declaration of 'CMemMapFile'
  
D:\Labb\clabb\Ragnarok___Win32_HighPriest2008_Release\src\core\File.cpp(281,15): error C4430: missing type specifier - int assumed. Note: C++ does not support default-int [D:\Labb\clabb\Ragnarok___Win32_HighPriest2008_Release\build\src\core\ro_core.vcxproj]
D:\Labb\clabb\Ragnarok___Win32_HighPriest2008_Release\src\core\File.cpp(283,5): error C3861: 'close': identifier not found [D:\Labb\clabb\Ragnarok___Win32_HighPriest2008_Release\build\src\core\ro_core.vcxproj]
D:\Labb\clabb\Ragnarok___Win32_HighPriest2008_Release\src\core\File.cpp(284,1): warning C4508: '{dtor}': function should return a value; 'void' return type assumed [D:\Labb\clabb\Ragnarok___Win32_HighPriest2008_Release\build\src\core\ro_core.vcxproj]
D:\Labb\clabb\Ragnarok___Win32_HighPriest2008_Release\src\core\File.cpp(286,19): error C2027: use of undefined type 'CMemMapFile' [D:\Labb\clabb\Ragnarok___Win32_HighPriest2008_Release\build\src\core\ro_core.vcxproj]
      D:\Labb\clabb\Ragnarok___Win32_HighPriest2008_Release\src\core\File.h(97,7):
      see declaration of 'CMemMapFile'
  
D:\Labb\clabb\Ragnarok___Win32_HighPriest2008_Release\src\core\File.cpp(290,5): error C2065: 'm_dwAllocationGranularity': undeclared identifier [D:\Labb\clabb\Ragnarok___Win32_HighPriest2008_Release\build\src\core\ro_core.vcxproj]
D:\Labb\clabb\Ragnarok___Win32_HighPriest2008_Release\src\core\File.cpp(291,5): error C2065: 'm_hFile': undeclared identifier [D:\Labb\clabb\Ragnarok___Win32_HighPriest2008_Release\build\src\core\ro_core.vcxproj]
D:\Labb\clabb\Ragnarok___Win32_HighPriest2008_Release\src\core\File.cpp(292,5): error C2065: 'm_hMapping': undeclared identifier [D:\Labb\clabb\Ragnarok___Win32_HighPriest2008_Release\build\src\core\ro_core.vcxproj]
D:\Labb\clabb\Ragnarok___Win32_HighPriest2008_Release\src\core\File.cpp(293,5): error C2065: 'm_pFile': undeclared identifier [D:\Labb\clabb\Ragnarok___Win32_HighPriest2008_Release\build\src\core\ro_core.vcxproj]
D:\Labb\clabb\Ragnarok___Win32_HighPriest2008_Release\src\core\File.cpp(294,5): error C2065: 'm_dwFileSize': undeclared identifier [D:\Labb\clabb\Ragnarok___Win32_HighPriest2008_Release\build\src\core\ro_core.vcxproj]
D:\Labb\clabb\Ragnarok___Win32_HighPriest2008_Release\src\core\File.cpp(295,5): error C2065: 'm_dwOpenOffset': undeclared identifier [D:\Labb\clabb\Ragnarok___Win32_HighPriest2008_Release\build\src\core\ro_core.vcxproj]
D:\Labb\clabb\Ragnarok___Win32_HighPriest2008_Release\src\core\File.cpp(296,5): error C2065: 'm_dwOpenSize': undeclared identifier [D:\Labb\clabb\Ragnarok___Win32_HighPriest2008_Release\build\src\core\ro_core.vcxproj]
D:\Labb\clabb\Ragnarok___Win32_HighPriest2008_Release\src\core\File.cpp(299,19): error C2027: use of undefined type 'CMemMapFile' [D:\Labb\clabb\Ragnarok___Win32_HighPriest2008_Release\build\src\core\ro_core.vcxproj]
      D:\Labb\clabb\Ragnarok___Win32_HighPriest2008_Release\src\core\File.h(97,7):
      see declaration of 'CMemMapFile'
  
D:\Labb\clabb\Ragnarok___Win32_HighPriest2008_Release\src\core\File.cpp(301,5): error C2065: 'm_hFile': undeclared identifier [D:\Labb\clabb\Ragnarok___Win32_HighPriest2008_Release\build\src\core\ro_core.vcxproj]
D:\Labb\clabb\Ragnarok___Win32_HighPriest2008_Release\src\core\File.cpp(304,9): error C2065: 'm_hFile': undeclared identifier [D:\Labb\clabb\Ragnarok___Win32_HighPriest2008_Release\build\src\core\ro_core.vcxproj]
D:\Labb\clabb\Ragnarok___Win32_HighPriest2008_Release\src\core\File.cpp(306,5): error C2065: 'm_dwFileSize': undeclared identifier [D:\Labb\clabb\Ragnarok___Win32_HighPriest2008_Release\build\src\core\ro_core.vcxproj]
D:\Labb\clabb\Ragnarok___Win32_HighPriest2008_Release\src\core\File.cpp(306,32): error C2065: 'm_hFile': undeclared identifier [D:\Labb\clabb\Ragnarok___Win32_HighPriest2008_Release\build\src\core\ro_core.vcxproj]
D:\Labb\clabb\Ragnarok___Win32_HighPriest2008_Release\src\core\File.cpp(308,5): error C2065: 'm_hMapping': undeclared identifier [D:\Labb\clabb\Ragnarok___Win32_HighPriest2008_Release\build\src\core\ro_core.vcxproj]
D:\Labb\clabb\Ragnarok___Win32_HighPriest2008_Release\src\core\File.cpp(308,37): error C2065: 'm_hFile': undeclared identifier [D:\Labb\clabb\Ragnarok___Win32_HighPriest2008_Release\build\src\core\ro_core.vcxproj]
D:\Labb\clabb\Ragnarok___Win32_HighPriest2008_Release\src\core\File.cpp(309,10): error C2065: 'm_hMapping': undeclared identifier [D:\Labb\clabb\Ragnarok___Win32_HighPriest2008_Release\build\src\core\ro_core.vcxproj]
D:\Labb\clabb\Ragnarok___Win32_HighPriest2008_Release\src\core\File.cpp(311,9): error C3861: 'close': identifier not found [D:\Labb\clabb\Ragnarok___Win32_HighPriest2008_Release\build\src\core\ro_core.vcxproj]
D:\Labb\clabb\Ragnarok___Win32_HighPriest2008_Release\src\core\File.cpp(316,22): error C2065: 'm_dwFileSize': undeclared identifier [D:\Labb\clabb\Ragnarok___Win32_HighPriest2008_Release\build\src\core\ro_core.vcxproj]
D:\Labb\clabb\Ragnarok___Win32_HighPriest2008_Release\src\core\File.cpp(316,22): error C2065: 'm_dwFileMappingSize': undeclared identifier [D:\Labb\clabb\Ragnarok___Win32_HighPriest2008_Release\build\src\core\ro_core.vcxproj]
D:\Labb\clabb\Ragnarok___Win32_HighPriest2008_Release\src\core\File.cpp(317,5): error C2065: 'm_pFile': undeclared identifier [D:\Labb\clabb\Ragnarok___Win32_HighPriest2008_Release\build\src\core\ro_core.vcxproj]
D:\Labb\clabb\Ragnarok___Win32_HighPriest2008_Release\src\core\File.cpp(318,23): error C2065: 'm_hMapping': undeclared identifier [D:\Labb\clabb\Ragnarok___Win32_HighPriest2008_Release\build\src\core\ro_core.vcxproj]
D:\Labb\clabb\Ragnarok___Win32_HighPriest2008_Release\src\core\File.cpp(320,10): error C2065: 'm_pFile': undeclared identifier [D:\Labb\clabb\Ragnarok___Win32_HighPriest2008_Release\build\src\core\ro_core.vcxproj]
D:\Labb\clabb\Ragnarok___Win32_HighPriest2008_Release\src\core\File.cpp(322,9): error C3861: 'close': identifier not found [D:\Labb\clabb\Ragnarok___Win32_HighPriest2008_Release\build\src\core\ro_core.vcxproj]
D:\Labb\clabb\Ragnarok___Win32_HighPriest2008_Release\src\core\File.cpp(325,5): error C2065: 'm_dwOpenOffset': undeclared identifier [D:\Labb\clabb\Ragnarok___Win32_HighPriest2008_Release\build\src\core\ro_core.vcxproj]
D:\Labb\clabb\Ragnarok___Win32_HighPriest2008_Release\src\core\File.cpp(326,5): error C2065: 'm_dwOpenSize': undeclared identifier [D:\Labb\clabb\Ragnarok___Win32_HighPriest2008_Release\build\src\core\ro_core.vcxproj]
D:\Labb\clabb\Ragnarok___Win32_HighPriest2008_Release\src\core\File.cpp(330,19): error C2027: use of undefined type 'CMemMapFile' [D:\Labb\clabb\Ragnarok___Win32_HighPriest2008_Release\build\src\core\ro_core.vcxproj]
      D:\Labb\clabb\Ragnarok___Win32_HighPriest2008_Release\src\core\File.h(97,7):
      see declaration of 'CMemMapFile'
  
D:\Labb\clabb\Ragnarok___Win32_HighPriest2008_Release\src\core\File.cpp(332,9): error C2065: 'm_pFile': undeclared identifier [D:\Labb\clabb\Ragnarok___Win32_HighPriest2008_Release\build\src\core\ro_core.vcxproj]
D:\Labb\clabb\Ragnarok___Win32_HighPriest2008_Release\src\core\File.cpp(332,39): error C2065: 'm_pFile': undeclared identifier [D:\Labb\clabb\Ragnarok___Win32_HighPriest2008_Release\build\src\core\ro_core.vcxproj]
D:\Labb\clabb\Ragnarok___Win32_HighPriest2008_Release\src\core\File.cpp(332,49): error C2065: 'm_pFile': undeclared identifier [D:\Labb\clabb\Ragnarok___Win32_HighPriest2008_Release\build\src\core\ro_core.vcxproj]
D:\Labb\clabb\Ragnarok___Win32_HighPriest2008_Release\src\core\File.cpp(333,9): error C2065: 'm_hMapping': undeclared identifier [D:\Labb\clabb\Ragnarok___Win32_HighPriest2008_Release\build\src\core\ro_core.vcxproj]
D:\Labb\clabb\Ragnarok___Win32_HighPriest2008_Release\src\core\File.cpp(333,35): error C2065: 'm_hMapping': undeclared identifier [D:\Labb\clabb\Ragnarok___Win32_HighPriest2008_Release\build\src\core\ro_core.vcxproj]
D:\Labb\clabb\Ragnarok___Win32_HighPriest2008_Release\src\core\File.cpp(333,49): error C2065: 'm_hMapping': undeclared identifier [D:\Labb\clabb\Ragnarok___Win32_HighPriest2008_Release\build\src\core\ro_core.vcxproj]
D:\Labb\clabb\Ragnarok___Win32_HighPriest2008_Release\src\core\File.cpp(334,9): error C2065: 'm_hFile': undeclared identifier [D:\Labb\clabb\Ragnarok___Win32_HighPriest2008_Release\build\src\core\ro_core.vcxproj]
D:\Labb\clabb\Ragnarok___Win32_HighPriest2008_Release\src\core\File.cpp(336,21): error C2065: 'm_hFile': undeclared identifier [D:\Labb\clabb\Ragnarok___Win32_HighPriest2008_Release\build\src\core\ro_core.vcxproj]
D:\Labb\clabb\Ragnarok___Win32_HighPriest2008_Release\src\core\File.cpp(337,9): error C2065: 'm_hFile': undeclared identifier [D:\Labb\clabb\Ragnarok___Win32_HighPriest2008_Release\build\src\core\ro_core.vcxproj]
D:\Labb\clabb\Ragnarok___Win32_HighPriest2008_Release\src\core\File.cpp(339,5): error C2065: 'm_dwFileSize': undeclared identifier [D:\Labb\clabb\Ragnarok___Win32_HighPriest2008_Release\build\src\core\ro_core.vcxproj]
D:\Labb\clabb\Ragnarok___Win32_HighPriest2008_Release\src\core\File.cpp(342,35): error C2027: use of undefined type 'CMemMapFile' [D:\Labb\clabb\Ragnarok___Win32_HighPriest2008_Release\build\src\core\ro_core.vcxproj]
      D:\Labb\clabb\Ragnarok___Win32_HighPriest2008_Release\src\core\File.h(97,7):
      see declaration of 'CMemMapFile'
  
D:\Labb\clabb\Ragnarok___Win32_HighPriest2008_Release\src\core\File.cpp(345,18): error C2065: 'm_dwOpenOffset': undeclared identifier [D:\Labb\clabb\Ragnarok___Win32_HighPriest2008_Release\build\src\core\ro_core.vcxproj]
D:\Labb\clabb\Ragnarok___Win32_HighPriest2008_Release\src\core\File.cpp(345,54): error C2065: 'm_dwOpenOffset': undeclared identifier [D:\Labb\clabb\Ragnarok___Win32_HighPriest2008_Release\build\src\core\ro_core.vcxproj]
D:\Labb\clabb\Ragnarok___Win32_HighPriest2008_Release\src\core\File.cpp(345,71): error C2065: 'm_dwOpenSize': undeclared identifier [D:\Labb\clabb\Ragnarok___Win32_HighPriest2008_Release\build\src\core\ro_core.vcxproj]
D:\Labb\clabb\Ragnarok___Win32_HighPriest2008_Release\src\core\File.cpp(348,13): error C2065: 'm_pFile': undeclared identifier [D:\Labb\clabb\Ragnarok___Win32_HighPriest2008_Release\build\src\core\ro_core.vcxproj]
D:\Labb\clabb\Ragnarok___Win32_HighPriest2008_Release\src\core\File.cpp(348,38): error C2065: 'm_pFile': undeclared identifier [D:\Labb\clabb\Ragnarok___Win32_HighPriest2008_Release\build\src\core\ro_core.vcxproj]
D:\Labb\clabb\Ragnarok___Win32_HighPriest2008_Release\src\core\File.cpp(351,36): error C2065: 'm_dwAllocationGranularity': undeclared identifier [D:\Labb\clabb\Ragnarok___Win32_HighPriest2008_Release\build\src\core\ro_core.vcxproj]
D:\Labb\clabb\Ragnarok___Win32_HighPriest2008_Release\src\core\File.cpp(352,26): error C2065: 'm_dwFileSize': undeclared identifier [D:\Labb\clabb\Ragnarok___Win32_HighPriest2008_Release\build\src\core\ro_core.vcxproj]
D:\Labb\clabb\Ragnarok___Win32_HighPriest2008_Release\src\core\File.cpp(352,26): error C2065: 'm_dwFileMappingSize': undeclared identifier [D:\Labb\clabb\Ragnarok___Win32_HighPriest2008_Release\build\src\core\ro_core.vcxproj]
D:\Labb\clabb\Ragnarok___Win32_HighPriest2008_Release\src\core\File.cpp(354,9): error C2065: 'm_pFile': undeclared identifier [D:\Labb\clabb\Ragnarok___Win32_HighPriest2008_Release\build\src\core\ro_core.vcxproj]
D:\Labb\clabb\Ragnarok___Win32_HighPriest2008_Release\src\core\File.cpp(355,27): error C2065: 'm_hMapping': undeclared identifier [D:\Labb\clabb\Ragnarok___Win32_HighPriest2008_Release\build\src\core\ro_core.vcxproj]
D:\Labb\clabb\Ragnarok___Win32_HighPriest2008_Release\src\core\File.cpp(356,14): error C2065: 'm_pFile': undeclared identifier [D:\Labb\clabb\Ragnarok___Win32_HighPriest2008_Release\build\src\core\ro_core.vcxproj]
D:\Labb\clabb\Ragnarok___Win32_HighPriest2008_Release\src\core\File.cpp(358,9): error C2065: 'm_dwOpenOffset': undeclared identifier [D:\Labb\clabb\Ragnarok___Win32_HighPriest2008_Release\build\src\core\ro_core.vcxproj]
D:\Labb\clabb\Ragnarok___Win32_HighPriest2008_Release\src\core\File.cpp(359,9): error C2065: 'm_dwOpenSize': undeclared identifier [D:\Labb\clabb\Ragnarok___Win32_HighPriest2008_Release\build\src\core\ro_core.vcxproj]
D:\Labb\clabb\Ragnarok___Win32_HighPriest2008_Release\src\core\File.cpp(362,12): error C2065: 'm_pFile': undeclared identifier [D:\Labb\clabb\Ragnarok___Win32_HighPriest2008_Release\build\src\core\ro_core.vcxproj]
D:\Labb\clabb\Ragnarok___Win32_HighPriest2008_Release\src\core\File.cpp(362,32): error C2065: 'm_dwOpenOffset': undeclared identifier [D:\Labb\clabb\Ragnarok___Win32_HighPriest2008_Release\build\src\core\ro_core.vcxproj]
  zlib.vcxproj -> D:\Labb\clabb\Ragnarok___Win32_HighPriest2008_Release\build\_deps\zlib-build\Debug\zlibd.dll
  example.vcxproj -> D:\Labb\clabb\Ragnarok___Win32_HighPriest2008_Release\build\_deps\zlib-build\Debug\example.exe
  minigzip.vcxproj -> D:\Labb\clabb\Ragnarok___Win32_HighPriest2008_Release\build\_deps\zlib-build\Debug\minigzip.exe
